[egotype.design/work/web/html/kounter/preview.html]
[backblue.gif]
[fade.gif]
[index.html]
[egotype.design/work/web/html/kounter/favicon.png]
[egotype.design/work/web/html/kounter/apple-touch-icon.png]
[egotype.design/work/web/html/kounter/favicon.ico]
[egotype.design/work/web/html/kounter/css/plugins/bootstrap.min.css]
[egotype.design/work/web/html/kounter/css/icons/font-awesome.css]
[egotype.design/work/web/html/kounter/css/icons/linea.css]
[egotype.design/work/web/html/kounter/css/plugins/loaders.min.css]
[egotype.design/work/web/html/kounter/css/style.css]
[egotype.design/work/web/html/kounter/css/responsive.css]
[egotype.design/work/web/html/kounter/css/preview.css]
[egotype.design/work/web/html/kounter/images/logo-black.png]
[egotype.design/work/web/html/kounter/images/preview-fss-cd.jpg]
[egotype.design/work/web/html/kounter/index-fss-cd.html]
[egotype.design/work/web/html/kounter/images/preview-fss.jpg]
[egotype.design/work/web/html/kounter/images/preview-ripple-cd.jpg]
[egotype.design/work/web/html/kounter/index-ripple-cd.html]
[egotype.design/work/web/html/kounter/images/preview-ripple.jpg]
[egotype.design/work/web/html/kounter/index-fss.html]
[egotype.design/work/web/html/kounter/index-ripple.html]
[egotype.design/work/web/html/kounter/images/preview-monochrome-cd.jpg]
[egotype.design/work/web/html/kounter/index-monochrome-cd.html]
[egotype.design/work/web/html/kounter/images/preview-monochrome.jpg]
[egotype.design/work/web/html/kounter/index-monochrome.html]
[egotype.design/work/web/html/kounter/images/preview-info-map-cd.jpg]
[egotype.design/work/web/html/kounter/index-full-info-cd.html]
[egotype.design/work/web/html/kounter/images/preview-info-map.jpg]
[egotype.design/work/web/html/kounter/index-full-info.html]
[egotype.design/work/web/html/kounter/images/preview-waterpipe-cd.jpg]
[egotype.design/work/web/html/kounter/index-waterpipe-cd.html]
[egotype.design/work/web/html/kounter/images/preview-waterpipe.jpg]
[egotype.design/work/web/html/kounter/index-waterpipe.html]
[egotype.design/work/web/html/kounter/images/preview-wave-particles-cd.jpg]
[egotype.design/work/web/html/kounter/index-wave-particles-cd.html]
[egotype.design/work/web/html/kounter/images/preview-wave-particles.jpg]
[egotype.design/work/web/html/kounter/index-wave-particles.html]
[egotype.design/work/web/html/kounter/images/preview-image-minimal-cd.jpg]
[egotype.design/work/web/html/kounter/index-image-minimal-cd.html]
[egotype.design/work/web/html/kounter/images/preview-image-minimal.jpg]
[egotype.design/work/web/html/kounter/index-image-minimal.html]
[egotype.design/work/web/html/kounter/images/preview-solid-cd.jpg]
[egotype.design/work/web/html/kounter/index-solid-cd.html]
[egotype.design/work/web/html/kounter/images/preview-solid.jpg]
[egotype.design/work/web/html/kounter/index-solid.html]
[egotype.design/work/web/html/kounter/images/preview-image-cd.jpg]
[egotype.design/work/web/html/kounter/index-image-cd.html]
[egotype.design/work/web/html/kounter/images/preview-image.jpg]
[egotype.design/work/web/html/kounter/index-image.html]
[egotype.design/work/web/html/kounter/images/preview-slider-cd.jpg]
[egotype.design/work/web/html/kounter/index-slider-cd.html]
[egotype.design/work/web/html/kounter/images/preview-slider.jpg]
[egotype.design/work/web/html/kounter/index-slider.html]
[egotype.design/work/web/html/kounter/images/preview-kenburn-cd.jpg]
[egotype.design/work/web/html/kounter/index-kenburn-cd.html]
[egotype.design/work/web/html/kounter/images/preview-kenburn.jpg]
[egotype.design/work/web/html/kounter/index-kenburn.html]
[egotype.design/work/web/html/kounter/images/preview-youtube-cd.jpg]
[egotype.design/work/web/html/kounter/index-youtube-cd.html]
[egotype.design/work/web/html/kounter/images/preview-youtube.jpg]
[egotype.design/work/web/html/kounter/index-youtube.html]
[egotype.design/work/web/html/kounter/images/preview-video-cd.jpg]
[egotype.design/work/web/html/kounter/index-video-cd.html]
[egotype.design/work/web/html/kounter/images/preview-video.jpg]
[egotype.design/work/web/html/kounter/index-video.html]
[egotype.design/work/web/html/kounter/images/preview-rain-cd.jpg]
[egotype.design/work/web/html/kounter/index-rain-cd.html]
[egotype.design/work/web/html/kounter/images/preview-rain.jpg]
[egotype.design/work/web/html/kounter/index-rain.html]
[egotype.design/work/web/html/kounter/images/preview-particle-cd.jpg]
[egotype.design/work/web/html/kounter/index-particle-cd.html]
[egotype.design/work/web/html/kounter/images/preview-particle.jpg]
[egotype.design/work/web/html/kounter/index-particle.html]
[egotype.design/work/web/html/kounter/images/preview-gradient-cd.jpg]
[egotype.design/work/web/html/kounter/index-gradient-cd.html]
[egotype.design/work/web/html/kounter/images/preview-gradient.jpg]
[egotype.design/work/web/html/kounter/index-gradient.html]
[egotype.design/work/web/html/kounter/images/preview-wave-cd.jpg]
[egotype.design/work/web/html/kounter/index-wave-cd.html]
[egotype.design/work/web/html/kounter/images/preview-wave.jpg]
[egotype.design/work/web/html/kounter/index-wave.html]
[egotype.design/work/web/html/kounter/images/preview-bubbles-cd.jpg]
[egotype.design/work/web/html/kounter/index-bubbles-cd.html]
[egotype.design/work/web/html/kounter/images/preview-bubbles.jpg]
[egotype.design/work/web/html/kounter/index-bubbles.html]
[egotype.design/work/web/html/kounter/images/preview-square-cd.jpg]
[egotype.design/work/web/html/kounter/index-square-cd.html]
[egotype.design/work/web/html/kounter/images/preview-square.jpg]
[egotype.design/work/web/html/kounter/index-square.html]
[egotype.design/work/web/html/kounter/images/preview-starfield-cd.jpg]
[egotype.design/work/web/html/kounter/images/preview-starfield.jpg]
[egotype.design/work/web/html/kounter/index-starfield-cd.html]
[egotype.design/work/web/html/kounter/images/preview-alongway-cd.jpg]
[egotype.design/work/web/html/kounter/index-starfield.html]
[egotype.design/work/web/html/kounter/index-alongway-cd.html]
[egotype.design/work/web/html/kounter/images/preview-alongway.jpg]
[egotype.design/work/web/html/kounter/index-alongway.html]
[egotype.design/work/web/html/kounter/images/preview-energy-cd.jpg]
[egotype.design/work/web/html/kounter/index-energy-cd.html]
[egotype.design/work/web/html/kounter/images/preview-energy.jpg]
[egotype.design/work/web/html/kounter/index-energy.html]
[egotype.design/work/web/html/kounter/images/preview-homing-particle-cd.jpg]
[egotype.design/work/web/html/kounter/index-homing-particles-cd.html]
[egotype.design/work/web/html/kounter/images/preview-homing-particle.jpg]
[egotype.design/work/web/html/kounter/index-homing-particles.html]
[egotype.design/work/web/html/kounter/images/preview-intertwined-cd.jpg]
[egotype.design/work/web/html/kounter/index-intertwined-cd.html]
[egotype.design/work/web/html/kounter/images/preview-intertwined.jpg]
[egotype.design/work/web/html/kounter/index-intertwined.html]
[egotype.design/work/web/html/kounter/images/preview-raindrop-cd.jpg]
[egotype.design/work/web/html/kounter/index-raindrop-cd.html]
[egotype.design/work/web/html/kounter/images/preview-raindrop.jpg]
[egotype.design/work/web/html/kounter/index-raindrop.html]
[egotype.design/work/web/html/kounter/js/plugins/bootstrap.min.js]
[egotype.design/work/web/html/kounter/js/plugins/prefixfree.min.js]
[egotype.design/work/web/html/kounter/js/custom.js]
[egotype.design/work/web/html/kounter/js/plugins/jquery1.11.2.min.js]
[www.google-analytics.com/analytics.js]
[egotype.design/work/web/html/kounter/preview.html]
[egotype.design/work/web/html/kounter/css/plugins/bootstrap.min.css]
[egotype.design/work/web/html/kounter/fonts/font-awesome/fontawesome-webfont3e6e.eot]
[egotype.design/work/web/html/kounter/fonts/font-awesome/fontawesome-webfontd41d.eot]
[egotype.design/work/web/html/kounter/fonts/font-awesome/fontawesome-webfont3e6e.woff]
[egotype.design/work/web/html/kounter/css/icons/font-awesome.css]
[egotype.design/work/web/html/kounter/fonts/linea/linea.eot]
[egotype.design/work/web/html/kounter/fonts/linea/linea.woff]
[egotype.design/work/web/html/kounter/fonts/linea/linead41d.eot]
[egotype.design/work/web/html/kounter/fonts/linea/linea.ttf]
[egotype.design/work/web/html/kounter/css/icons/linea.css]
[egotype.design/work/web/html/kounter/css/plugins/loaders.min.css]
[egotype.design/work/web/html/kounter/fonts/montserrat/Montserrat-ExtraLight.woff]
[egotype.design/work/web/html/kounter/fonts/montserrat/Montserrat-ExtraLight.ttf]
[egotype.design/work/web/html/kounter/fonts/montserrat/Montserrat-Medium.woff]
[egotype.design/work/web/html/kounter/fonts/montserrat/Montserrat-Medium.ttf]
[egotype.design/work/web/html/kounter/fonts/montserrat/Montserrat-Bold.woff]
[egotype.design/work/web/html/kounter/fonts/montserrat/Montserrat-Bold.ttf]
[egotype.design/work/web/html/kounter/images/page-image.jpg]
[egotype.design/work/web/html/kounter/images/page-image-2.jpg]
[egotype.design/work/web/html/kounter/images/page-image-3.jpg]
[egotype.design/work/web/html/kounter/images/page-image-4.jpg]
[egotype.design/work/web/html/kounter/images/page-image-bw.jpg]
[egotype.design/work/web/html/kounter/images/page-slide-1.jpg]
[egotype.design/work/web/html/kounter/images/page-slide-2.jpg]
[egotype.design/work/web/html/kounter/images/page-slide-3.jpg]
[egotype.design/work/web/html/kounter/css/style.css]
[egotype.design/work/web/html/kounter/css/responsive.css]
[egotype.design/work/web/html/kounter/css/preview.css]
[egotype.design/work/web/html/kounter/css/plugins/photoswipe.css]
[egotype.design/work/web/html/kounter/css/icons/photoswipe/icons.css]
[egotype.design/work/web/html/kounter/images/logo.png]
[egotype.design/work/web/html/kounter/images/about-image-5-lg.jpg]
[egotype.design/work/web/html/kounter/images/about-image-5.jpg]
[egotype.design/work/web/html/kounter/images/about-image-6-lg.jpg]
[egotype.design/work/web/html/kounter/images/about-image-6.jpg]
[egotype.design/work/web/html/kounter/images/about-image-7-lg.jpg]
[egotype.design/work/web/html/kounter/images/about-image-7.jpg]
[egotype.design/work/web/html/kounter/images/about-image-8-lg.jpg]
[egotype.design/work/web/html/kounter/images/about-image-8.jpg]
[egotype.design/work/web/html/kounter/js/plugins/scrollreveal.min.js]
[egotype.design/work/web/html/kounter/js/plugins/contact-form.js]
[egotype.design/work/web/html/kounter/js/plugins/newsletter-form.js]
[egotype.design/work/web/html/kounter/js/plugins/jquery.ajaxchimp.min.js]
[egotype.design/work/web/html/kounter/js/plugins/photoswipe/photoswipe-ui-default.min.js]
[egotype.design/work/web/html/kounter/js/plugins/jquery.countdown.min.js]
[egotype.design/work/web/html/kounter/js/plugins/photoswipe/photoswipe.min.js]
[egotype.design/work/web/html/kounter/index-fss-cd.html]
[egotype.design/work/web/html/kounter/js/plugins/fss.min.js]
[egotype.design/work/web/html/kounter/js/plugins/fss-animate.js]
[egotype.design/work/web/html/kounter/images/logo-lg.png]
[egotype.design/work/web/html/kounter/index-fss.html]
[egotype.design/work/web/html/kounter/images/about-image-1-lg.jpg]
[egotype.design/work/web/html/kounter/images/about-image-1.jpg]
[egotype.design/work/web/html/kounter/images/about-image-2-lg.jpg]
[egotype.design/work/web/html/kounter/images/about-image-2.jpg]
[egotype.design/work/web/html/kounter/images/about-image-3-lg.jpg]
[egotype.design/work/web/html/kounter/images/about-image-3.jpg]
[egotype.design/work/web/html/kounter/images/about-image-4-lg.jpg]
[egotype.design/work/web/html/kounter/images/about-image-4.jpg]
[egotype.design/work/web/html/kounter/js/plugins/jquery.ripples-min.js]
[egotype.design/work/web/html/kounter/index-ripple-cd.html]
[egotype.design/work/web/html/kounter/index-ripple.html]
[egotype.design/work/web/html/kounter/images/about-image-9-lg.jpg]
[egotype.design/work/web/html/kounter/images/about-image-9.jpg]
[egotype.design/work/web/html/kounter/images/about-image-10-lg.jpg]
[egotype.design/work/web/html/kounter/images/about-image-10.jpg]
[egotype.design/work/web/html/kounter/images/about-image-11-lg.jpg]
[egotype.design/work/web/html/kounter/images/about-image-11.jpg]
[egotype.design/work/web/html/kounter/images/about-image-12-lg.jpg]
[egotype.design/work/web/html/kounter/images/about-image-12.jpg]
[egotype.design/work/web/html/kounter/index-monochrome-cd.html]
[egotype.design/work/web/html/kounter/index-monochrome.html]
[egotype.design/work/web/html/kounter/images/about-image-13-lg.jpg]
[egotype.design/work/web/html/kounter/images/about-image-13.jpg]
[egotype.design/work/web/html/kounter/images/about-image-14-lg.jpg]
[egotype.design/work/web/html/kounter/images/about-image-14.jpg]
[egotype.design/work/web/html/kounter/images/about-image-15-lg.jpg]
[egotype.design/work/web/html/kounter/images/about-image-15.jpg]
[egotype.design/work/web/html/kounter/images/about-image-16-lg.jpg]
[egotype.design/work/web/html/kounter/images/about-image-16.jpg]
[egotype.design/work/web/html/kounter/index-full-info-cd.html]
[egotype.design/work/web/html/kounter/index-full-info.html]
[egotype.design/work/web/html/kounter/index-waterpipe-cd.html]
[egotype.design/work/web/html/kounter/index-waterpipe.html]
[egotype.design/work/web/html/kounter/js/plugins/waterpipe.js]
[egotype.design/work/web/html/kounter/js/plugins/Projector.js]
[egotype.design/work/web/html/kounter/js/plugins/CanvasRenderer.js]
[egotype.design/work/web/html/kounter/index-wave-particles-cd.html]
[egotype.design/work/web/html/kounter/index-wave-particles.html]
[egotype.design/work/web/html/kounter/index-image-minimal-cd.html]
[egotype.design/work/web/html/kounter/index-image-minimal.html]
[egotype.design/work/web/html/kounter/index-solid-cd.html]
[egotype.design/work/web/html/kounter/index-solid.html]
[egotype.design/work/web/html/kounter/index-image-cd.html]
[egotype.design/work/web/html/kounter/index-image.html]
[egotype.design/work/web/html/kounter/css/plugins/owl.carousel.min.css]
[egotype.design/work/web/html/kounter/js/plugins/owl.carousel.min.js]
[egotype.design/work/web/html/kounter/index-slider-cd.html]
[egotype.design/work/web/html/kounter/index-slider.html]
[egotype.design/work/web/html/kounter/css/plugins/vegas.min.css]
[egotype.design/work/web/html/kounter/index-kenburn-cd.html]
[egotype.design/work/web/html/kounter/index-kenburn.html]
[egotype.design/work/web/html/kounter/js/plugins/vegas.min.js]
[egotype.design/work/web/html/kounter/images/page-youtube-image.jpg]
[egotype.design/work/web/html/kounter/index-youtube-cd.html]
[egotype.design/work/web/html/kounter/js/plugins/jquery.youtubebackground.js]
[egotype.design/work/web/html/kounter/index-youtube.html]
[egotype.design/work/web/html/kounter/video/video.jpg]
[egotype.design/work/web/html/kounter/js/plugins/jquery.backgroundvideo.min.js]
[egotype.design/work/web/html/kounter/index-video-cd.html]
[egotype.design/work/web/html/kounter/index-video.html]
[egotype.design/work/web/html/kounter/images/page-image-rain.jpg]
[egotype.design/work/web/html/kounter/js/plugins/rainyday.min.js]
[egotype.design/work/web/html/kounter/index-rain-cd.html]
[egotype.design/work/web/html/kounter/index-rain.html]
[egotype.design/work/web/html/kounter/js/plugins/jquery.particleground.min.js]
[egotype.design/work/web/html/kounter/index-particle-cd.html]
[egotype.design/work/web/html/kounter/index-particle.html]
[egotype.design/work/web/html/kounter/js/plugins/three.min.js]
[egotype.design/work/web/html/kounter/index-gradient-cd.html]
[egotype.design/work/web/html/kounter/index-gradient.html]
[egotype.design/work/web/html/kounter/js/plugins/jquery.gradientify.min.js]
[egotype.design/work/web/html/kounter/index-wave-cd.html]
[egotype.design/work/web/html/kounter/js/plugins/siriwave.js]
[egotype.design/work/web/html/kounter/index-wave.html]
[egotype.design/work/web/html/kounter/js/plugins/howler.core.js]
[egotype.design/work/web/html/kounter/js/plugins/particles.min.js]
[egotype.design/work/web/html/kounter/index-bubbles-cd.html]
[egotype.design/work/web/html/kounter/index-bubbles.html]
[egotype.design/work/web/html/kounter/index-square-cd.html]
[egotype.design/work/web/html/kounter/index-square.html]
[egotype.design/work/web/html/kounter/index-starfield-cd.html]
[egotype.design/work/web/html/kounter/index-starfield.html]
[egotype.design/work/web/html/kounter/js/plugins/starfield.min.js]
[egotype.design/work/web/html/kounter/index-alongway-cd.html]
[egotype.design/work/web/html/kounter/js/plugins/a-long-way.js]
[egotype.design/work/web/html/kounter/index-alongway.html]
[egotype.design/work/web/html/kounter/js/plugins/energy-animation.js]
[egotype.design/work/web/html/kounter/index-energy-cd.html]
[egotype.design/work/web/html/kounter/index-energy.html]
[egotype.design/work/web/html/kounter/js/plugins/homing-particles.js]
[egotype.design/work/web/html/kounter/js/plugins/jquery-1.12.4.min.js]
[egotype.design/work/web/html/kounter/index-homing-particles-cd.html]
[egotype.design/work/web/html/kounter/index-homing-particles.html]
[egotype.design/work/web/html/kounter/index-intertwined-cd.html]
[egotype.design/work/web/html/kounter/index-intertwined.html]
[egotype.design/work/web/html/kounter/js/plugins/intertwined.js]
[egotype.design/work/web/html/kounter/index-raindrop-cd.html]
[egotype.design/work/web/html/kounter/index-raindrop.html]
[egotype.design/work/web/html/kounter/css/fonts/glyphicons-halflings-regular.html]
[egotype.design/work/web/html/kounter/css/fonts/glyphicons-halflings-regulard41d.html]
[egotype.design/work/web/html/kounter/css/fonts/glyphicons-halflings-regular-2.html]
[egotype.design/work/web/html/kounter/css/fonts/glyphicons-halflings-regular-3.html]
[egotype.design/work/web/html/kounter/css/fonts/glyphicons-halflings-regular-4.html]
[egotype.design/work/web/html/kounter/css/fonts/glyphicons-halflings-regular-5.html]
[egotype.design/work/web/html/kounter/fonts/font-awesome/fontawesome-webfont3e6e.html]
[egotype.design/work/web/html/kounter/css/fonts/font-awesome/fontawesome-webfont3e6e.html]
[egotype.design/work/web/html/kounter/js/plugins/raindrop.js]
[egotype.design/work/web/html/kounter/fonts/font-awesome/fontawesome-webfont3e6e.svg]
[egotype.design/work/web/html/kounter/fonts/linea/linea.svg]
[egotype.design/work/web/html/kounter/fonts/montserrat/Montserrat-ExtraLight.html]
[egotype.design/work/web/html/kounter/fonts/montserrat/Montserrat-Medium.html]
[egotype.design/work/web/html/kounter/fonts/montserrat/Montserrat-Bold.html]
[egotype.design/work/web/html/kounter/css/plugins/photoswipe.css]
[egotype.design/work/web/html/kounter/css/icons/photoswipe/icons.png]
[egotype.design/work/web/html/kounter/css/icons/photoswipe/preloader.gif]
[egotype.design/work/web/html/kounter/css/icons/photoswipe/icons.css]
[egotype.design/work/web/html/kounter/css/plugins/owl.carousel.min.css]
[egotype.design/work/web/html/kounter/css/plugins/overlays/02.png]
[egotype.design/work/web/html/kounter/css/plugins/vegas.min.css]
[egotype.design/work/web/html/kounter/css/icons/photoswipe/icons.svg]
[egotype.design/work/web/html/kounter/css/plugins/owl.video.play.html]
