[azim.commonsupport.com/Zixxo/index.html]
[backblue.gif]
[fade.gif]
[index.html]
[azim.commonsupport.com/Zixxo/assets/images/favicon.ico]
[azim.commonsupport.com/Zixxo/assets/css/font-awesome-all.css]
[azim.commonsupport.com/Zixxo/assets/css/flaticon.css]
[azim.commonsupport.com/Zixxo/assets/css/owl.css]
[azim.commonsupport.com/Zixxo/assets/css/bootstrap.css]
[azim.commonsupport.com/Zixxo/assets/css/jquery.fancybox.min.css]
[azim.commonsupport.com/Zixxo/assets/css/animate.css]
[azim.commonsupport.com/Zixxo/assets/css/color.css]
[azim.commonsupport.com/Zixxo/assets/css/style.css]
[azim.commonsupport.com/Zixxo/assets/css/responsive.css]
[azim.commonsupport.com/Zixxo/index-2.html]
[azim.commonsupport.com/Zixxo/assets/images/logo-2.png]
[azim.commonsupport.com/Zixxo/assets/images/logo.png]
[azim.commonsupport.com/Zixxo/index-3.html]
[azim.commonsupport.com/Zixxo/index-onepage.html]
[azim.commonsupport.com/Zixxo/index-rtl.html]
[azim.commonsupport.com/Zixxo/about.html]
[azim.commonsupport.com/Zixxo/gallery.html]
[azim.commonsupport.com/Zixxo/error.html]
[azim.commonsupport.com/Zixxo/product.html]
[azim.commonsupport.com/Zixxo/product-2.html]
[azim.commonsupport.com/Zixxo/product-details.html]
[azim.commonsupport.com/Zixxo/about-element-1.html]
[azim.commonsupport.com/Zixxo/about-element-2.html]
[azim.commonsupport.com/Zixxo/shop-element-1.html]
[azim.commonsupport.com/Zixxo/shop-element-2.html]
[azim.commonsupport.com/Zixxo/news-element-1.html]
[azim.commonsupport.com/Zixxo/news-element-2.html]
[azim.commonsupport.com/Zixxo/team-element-1.html]
[azim.commonsupport.com/Zixxo/team-element-2.html]
[azim.commonsupport.com/Zixxo/video-element.html]
[azim.commonsupport.com/Zixxo/experience-element.html]
[azim.commonsupport.com/Zixxo/testimonial-element.html]
[azim.commonsupport.com/Zixxo/clients-element.html]
[azim.commonsupport.com/Zixxo/blog.html]
[azim.commonsupport.com/Zixxo/blog-2.html]
[azim.commonsupport.com/Zixxo/blog-details.html]
[azim.commonsupport.com/Zixxo/contact.html]
[azim.commonsupport.com/Zixxo/assets/images/banner/banner-image-1.jpg]
[azim.commonsupport.com/Zixxo/assets/images/banner/banner-image-2.jpg]
[azim.commonsupport.com/Zixxo/assets/images/banner/banner-image-3.jpg]
[azim.commonsupport.com/Zixxo/assets/images/banner/banner-image-4.jpg]
[azim.commonsupport.com/Zixxo/assets/images/resource/about-1.jpg]
[azim.commonsupport.com/Zixxo/assets/images/resource/about-2.jpg]
[azim.commonsupport.com/Zixxo/assets/images/resource/shop/shop-1.jpg]
[azim.commonsupport.com/Zixxo/assets/images/resource/shop/shop-2.jpg]
[azim.commonsupport.com/Zixxo/assets/images/resource/shop/shop-3.jpg]
[azim.commonsupport.com/Zixxo/assets/images/resource/shop/shop-4.jpg]
[azim.commonsupport.com/Zixxo/assets/images/resource/shop/shop-5.jpg]
[azim.commonsupport.com/Zixxo/assets/images/resource/shop/shop-6.jpg]
[azim.commonsupport.com/Zixxo/assets/images/background/cta-1.jpg]
[azim.commonsupport.com/Zixxo/assets/images/gallery/gallery-1.jpg]
[azim.commonsupport.com/Zixxo/assets/images/gallery/gallery-2.jpg]
[azim.commonsupport.com/Zixxo/assets/images/gallery/gallery-3.jpg]
[azim.commonsupport.com/Zixxo/assets/images/gallery/gallery-4.jpg]
[azim.commonsupport.com/Zixxo/assets/images/icons/comment-1.png]
[azim.commonsupport.com/Zixxo/assets/images/shape/shape-1.png]
[azim.commonsupport.com/Zixxo/assets/images/resource/testimonial-1.png]
[azim.commonsupport.com/Zixxo/assets/images/news/admin-1.jpg]
[azim.commonsupport.com/Zixxo/assets/images/news/news-1.jpg]
[azim.commonsupport.com/Zixxo/assets/images/news/admin-2.jpg]
[azim.commonsupport.com/Zixxo/assets/images/news/news-2.jpg]
[azim.commonsupport.com/Zixxo/assets/images/news/admin-3.jpg]
[azim.commonsupport.com/Zixxo/assets/images/news/news-3.jpg]
[azim.commonsupport.com/Zixxo/assets/images/clients/clients-logo-1.png]
[azim.commonsupport.com/Zixxo/assets/images/clients/clients-logo-2.png]
[azim.commonsupport.com/Zixxo/assets/images/clients/clients-logo-3.png]
[azim.commonsupport.com/Zixxo/assets/images/clients/clients-logo-4.png]
[azim.commonsupport.com/Zixxo/assets/images/clients/clients-logo-5.png]
[azim.commonsupport.com/Zixxo/assets/images/footer-logo.png]
[azim.commonsupport.com/Zixxo/assets/js/popper.min.js]
[azim.commonsupport.com/Zixxo/assets/js/jquery.js]
[azim.commonsupport.com/Zixxo/assets/js/wow.js]
[azim.commonsupport.com/Zixxo/assets/js/bootstrap.min.js]
[azim.commonsupport.com/Zixxo/assets/js/appear.js]
[azim.commonsupport.com/Zixxo/assets/js/owl.js]
[azim.commonsupport.com/Zixxo/assets/js/validation.js]
[azim.commonsupport.com/Zixxo/assets/js/nav-tool.js]
[azim.commonsupport.com/Zixxo/assets/js/scrollbar.js]
[azim.commonsupport.com/Zixxo/assets/js/jquery.paroller.min.js]
[azim.commonsupport.com/Zixxo/assets/js/jquery.nice-select.min.js]
[azim.commonsupport.com/Zixxo/index.html]
[azim.commonsupport.com/Zixxo/assets/js/jquery.fancybox.js]
[azim.commonsupport.com/Zixxo/assets/js/script.js]
[azim.commonsupport.com/Zixxo/assets/fonts/fa-brands-400.woff2]
[azim.commonsupport.com/Zixxo/assets/fonts/fa-brands-400.woff]
[azim.commonsupport.com/Zixxo/assets/fonts/fa-brands-400.eot]
[azim.commonsupport.com/Zixxo/assets/fonts/fa-brands-400d41d.eot]
[azim.commonsupport.com/Zixxo/assets/fonts/fa-brands-400.svg]
[azim.commonsupport.com/Zixxo/assets/fonts/fa-light-300.woff2]
[azim.commonsupport.com/Zixxo/assets/fonts/fa-brands-400.ttf]
[azim.commonsupport.com/Zixxo/assets/fonts/fa-light-300.woff]
[azim.commonsupport.com/Zixxo/assets/fonts/fa-light-300.eot]
[azim.commonsupport.com/Zixxo/assets/fonts/fa-light-300d41d.eot]
[azim.commonsupport.com/Zixxo/assets/fonts/fa-regular-400.woff2]
[azim.commonsupport.com/Zixxo/assets/fonts/fa-light-300.svg]
[azim.commonsupport.com/Zixxo/assets/fonts/fa-light-300.ttf]
[azim.commonsupport.com/Zixxo/assets/fonts/fa-regular-400.woff]
[azim.commonsupport.com/Zixxo/assets/fonts/fa-regular-400.eot]
[azim.commonsupport.com/Zixxo/assets/fonts/fa-regular-400d41d.eot]
[azim.commonsupport.com/Zixxo/assets/fonts/fa-regular-400.svg]
[azim.commonsupport.com/Zixxo/assets/fonts/fa-solid-900.woff2]
[azim.commonsupport.com/Zixxo/assets/fonts/fa-solid-900.woff]
[azim.commonsupport.com/Zixxo/assets/fonts/fa-regular-400.ttf]
[azim.commonsupport.com/Zixxo/assets/fonts/fa-solid-900.eot]
[azim.commonsupport.com/Zixxo/assets/css/font-awesome-all.css]
[azim.commonsupport.com/Zixxo/assets/fonts/fa-solid-900.svg]
[azim.commonsupport.com/Zixxo/assets/fonts/Flaticon.woff2]
[azim.commonsupport.com/Zixxo/assets/fonts/Flaticon.eot]
[azim.commonsupport.com/Zixxo/assets/fonts/Flaticon.woff]
[azim.commonsupport.com/Zixxo/assets/fonts/Flaticond41d.eot]
[azim.commonsupport.com/Zixxo/assets/css/flaticon.css]
[azim.commonsupport.com/Zixxo/assets/fonts/Flaticon.svg]
[azim.commonsupport.com/Zixxo/assets/fonts/fa-solid-900d41d.eot]
[azim.commonsupport.com/Zixxo/assets/fonts/Flaticon.ttf]
[azim.commonsupport.com/Zixxo/assets/css/owl.css]
[azim.commonsupport.com/Zixxo/assets/css/bootstrap.css]
[azim.commonsupport.com/Zixxo/assets/css/jquery.fancybox.min.css]
[azim.commonsupport.com/Zixxo/assets/css/animate.css]
[azim.commonsupport.com/Zixxo/assets/css/color.css]
[azim.commonsupport.com/Zixxo/assets/fonts/fa-solid-900.ttf]
[azim.commonsupport.com/Zixxo/assets/images/icons/preloader.svg]
[azim.commonsupport.com/Zixxo/assets/images/icons/cross-out.png]
[azim.commonsupport.com/Zixxo/assets/css/style.css]
[azim.commonsupport.com/Zixxo/assets/css/responsive.css]
[azim.commonsupport.com/Zixxo/index-2.html]
[azim.commonsupport.com/Zixxo/assets/images/logo-3.png]
[azim.commonsupport.com/Zixxo/assets/images/banner/banner-1.jpg]
[azim.commonsupport.com/Zixxo/assets/images/banner/banner-2.jpg]
[azim.commonsupport.com/Zixxo/assets/images/banner/banner-3.jpg]
[azim.commonsupport.com/Zixxo/assets/images/resource/about-3.jpg]
[azim.commonsupport.com/Zixxo/assets/images/shape/shape-2.png]
[azim.commonsupport.com/Zixxo/assets/images/team/team-1.jpg]
[azim.commonsupport.com/Zixxo/assets/images/team/team-2.jpg]
[azim.commonsupport.com/Zixxo/assets/images/team/team-3.jpg]
[azim.commonsupport.com/Zixxo/assets/images/team/team-4.jpg]
[azim.commonsupport.com/Zixxo/assets/images/resource/faq-1.jpg]
[azim.commonsupport.com/Zixxo/assets/images/gallery/gallery-5.jpg]
[azim.commonsupport.com/Zixxo/assets/images/gallery/gallery-6.jpg]
[azim.commonsupport.com/Zixxo/assets/images/gallery/gallery-7.jpg]
[azim.commonsupport.com/Zixxo/assets/images/gallery/gallery-8.jpg]
[azim.commonsupport.com/Zixxo/assets/images/gallery/gallery-9.jpg]
[azim.commonsupport.com/Zixxo/assets/images/background/testimonial-1.jpg]
[azim.commonsupport.com/Zixxo/assets/images/icons/icon-1.png]
[azim.commonsupport.com/Zixxo/assets/images/icons/icon-2.png]
[azim.commonsupport.com/Zixxo/assets/images/resource/testimonial-2.png]
[azim.commonsupport.com/Zixxo/assets/images/news/news-4.jpg]
[azim.commonsupport.com/Zixxo/assets/images/news/news-5.jpg]
[azim.commonsupport.com/Zixxo/assets/images/news/news-6.jpg]
[azim.commonsupport.com/Zixxo/assets/js/jquery.countTo.js]
[azim.commonsupport.com/Zixxo/index-3.html]
[azim.commonsupport.com/Zixxo/assets/js/circle-progress.js]
[azim.commonsupport.com/Zixxo/assets/js/pagenav.js]
[azim.commonsupport.com/Zixxo/index-onepage.html]
[azim.commonsupport.com/Zixxo/assets/css/rtl.css]
[azim.commonsupport.com/Zixxo/index-rtl.html]
[azim.commonsupport.com/Zixxo/assets/images/background/page-title.jpg]
[azim.commonsupport.com/Zixxo/about.html]
[azim.commonsupport.com/Zixxo/gallery.html]
[azim.commonsupport.com/Zixxo/error.html]
[azim.commonsupport.com/Zixxo/assets/css/jquery-ui.css]
[azim.commonsupport.com/Zixxo/assets/css/nice-select.css]
[azim.commonsupport.com/Zixxo/assets/images/resource/shop/post-1.jpg]
[azim.commonsupport.com/Zixxo/assets/images/resource/shop/post-2.jpg]
[azim.commonsupport.com/Zixxo/assets/images/resource/shop/post-3.jpg]
[azim.commonsupport.com/Zixxo/assets/images/resource/advice-1.jpg]
[azim.commonsupport.com/Zixxo/assets/images/resource/shop/shop-7.jpg]
[azim.commonsupport.com/Zixxo/assets/images/resource/shop/shop-8.jpg]
[azim.commonsupport.com/Zixxo/assets/images/resource/shop/shop-9.jpg]
[azim.commonsupport.com/Zixxo/assets/images/resource/shop/shop-10.jpg]
[azim.commonsupport.com/Zixxo/product.html]
[azim.commonsupport.com/Zixxo/product-2.html]
[azim.commonsupport.com/Zixxo/assets/css/jquery.bootstrap-touchspin.css]
[azim.commonsupport.com/Zixxo/assets/images/resource/shop/single-thumb-1.jpg]
[azim.commonsupport.com/Zixxo/assets/images/resource/shop/single-thumb-2.jpg]
[azim.commonsupport.com/Zixxo/assets/images/resource/shop/single-thumb-3.jpg]
[azim.commonsupport.com/Zixxo/assets/images/resource/shop/shop-single-1.jpg]
[azim.commonsupport.com/Zixxo/assets/images/resource/shop/shop-single-2.jpg]
[azim.commonsupport.com/Zixxo/assets/images/resource/shop/shop-single-3.jpg]
[azim.commonsupport.com/Zixxo/assets/js/jquery-ui.js]
[azim.commonsupport.com/Zixxo/assets/images/resource/review-1.png]
[azim.commonsupport.com/Zixxo/assets/images/resource/review-2.png]
[azim.commonsupport.com/Zixxo/assets/js/bxslider.js]
[azim.commonsupport.com/Zixxo/product-details.html]
[azim.commonsupport.com/Zixxo/about-element-1.html]
[azim.commonsupport.com/Zixxo/about-element-2.html]
[azim.commonsupport.com/Zixxo/shop-element-1.html]
[azim.commonsupport.com/Zixxo/assets/js/jquery.bootstrap-touchspin.js]
[azim.commonsupport.com/Zixxo/shop-element-2.html]
[azim.commonsupport.com/Zixxo/news-element-1.html]
[azim.commonsupport.com/Zixxo/news-element-2.html]
[azim.commonsupport.com/Zixxo/team-element-1.html]
[azim.commonsupport.com/Zixxo/team-element-2.html]
[azim.commonsupport.com/Zixxo/video-element.html]
[azim.commonsupport.com/Zixxo/experience-element.html]
[azim.commonsupport.com/Zixxo/testimonial-element.html]
[azim.commonsupport.com/Zixxo/clients-element.html]
[azim.commonsupport.com/Zixxo/assets/images/news/news-7.jpg]
[azim.commonsupport.com/Zixxo/assets/images/news/news-8.jpg]
[azim.commonsupport.com/Zixxo/assets/images/news/news-9.jpg]
[azim.commonsupport.com/Zixxo/assets/images/news/news-10.jpg]
[azim.commonsupport.com/Zixxo/assets/images/news/news-11.jpg]
[azim.commonsupport.com/Zixxo/assets/images/news/news-12.jpg]
[azim.commonsupport.com/Zixxo/blog.html]
[azim.commonsupport.com/Zixxo/assets/images/news/news-13.jpg]
[azim.commonsupport.com/Zixxo/assets/images/news/news-14.jpg]
[azim.commonsupport.com/Zixxo/assets/images/news/news-15.jpg]
[azim.commonsupport.com/Zixxo/assets/images/news/news-16.jpg]
[azim.commonsupport.com/Zixxo/assets/images/news/post-1.jpg]
[azim.commonsupport.com/Zixxo/assets/images/news/post-2.jpg]
[azim.commonsupport.com/Zixxo/assets/images/news/post-3.jpg]
[azim.commonsupport.com/Zixxo/assets/images/news/author-1.png]
[azim.commonsupport.com/Zixxo/blog-2.html]
[azim.commonsupport.com/Zixxo/assets/images/news/news-17.jpg]
[azim.commonsupport.com/Zixxo/assets/images/news/author-2.png]
[azim.commonsupport.com/Zixxo/assets/images/news/news-18.jpg]
[azim.commonsupport.com/Zixxo/assets/images/news/news-19.jpg]
[azim.commonsupport.com/Zixxo/assets/images/news/comment-1.png]
[azim.commonsupport.com/Zixxo/assets/images/news/comment-2.png]
[azim.commonsupport.com/Zixxo/assets/images/news/comment-3.png]
[azim.commonsupport.com/Zixxo/blog-details.html]
[azim.commonsupport.com/Zixxo/assets/images/icons/map-marker.png]
[azim.commonsupport.com/Zixxo/assets/js/gmaps.js]
[azim.commonsupport.com/Zixxo/assets/js/map-helper.js]
[azim.commonsupport.com/Zixxo/contact.html]
[azim.commonsupport.com/Zixxo/shop.html]
[azim.commonsupport.com/Zixxo/assets/fonts/fa-brands-400.svg]
[azim.commonsupport.com/Zixxo/assets/fonts/fa-light-300.svg]
[azim.commonsupport.com/Zixxo/assets/fonts/fa-regular-400.svg]
[azim.commonsupport.com/Zixxo/assets/fonts/fa-solid-900.svg]
[azim.commonsupport.com/Zixxo/assets/fonts/Flaticon.svg]
[azim.commonsupport.com/Zixxo/assets/css/owl.video.play.html]
[azim.commonsupport.com/Zixxo/assets/images/icons/preloader.svg]
[azim.commonsupport.com/Zixxo/assets/css/rtl.css]
[azim.commonsupport.com/Zixxo/assets/css/jquery-ui.css]
[azim.commonsupport.com/Zixxo/assets/css/nice-select.css]
[azim.commonsupport.com/Zixxo/shop-details.html]
[azim.commonsupport.com/Zixxo/assets/css/jquery.bootstrap-touchspin.css]
[azim.commonsupport.com/Zixxo/assets/css/images/ui-icons_777620_256x240.html]
[azim.commonsupport.com/Zixxo/assets/css/images/ui-icons_cc0000_256x240.html]
[azim.commonsupport.com/Zixxo/assets/css/images/ui-icons_777777_256x240.html]
